// Jest Snapshot v1, https://goo.gl/fbAQLP

exports[`Login component snapshots renders a snapshot 1`] = `
<div>
  <div>
    <img
      src="../../public/images/logo.jpg"
    />
    &gt;
  </div>
  <div>
    <h1>
      KI-All News
    </h1>
  </div>
  <div>
    <p>
      Welcome to the Know It All news website, and be informed on what is happening around the world. To continue to the News page, please Login below.
    </p>
  </div>
  <div>
    <button>
      Signin with Google+
    </button>
  </div>
</div>
`;
