// Jest Snapshot v1, https://goo.gl/fbAQLP

exports[`Show Iframe (Snapshot) renders an iframe 1`] = `
<div
  className="mt-3 embed-responsive embed-responsive-16by9 i-frame"
>
  <iframe
    className="border border-warning rounded"
    name="iframe_a"
  />
</div>
`;
